------------------------------------------------------------
TimeQuest Timing Analyzer Summary
------------------------------------------------------------

Type  : Slow 1100mV 85C Model Setup 'inst1|pll_inst|altera_pll_i|general[0].gpll~PLL_OUTPUT_COUNTER|divclk'
Slack : 197.519
TNS   : 0.000

Type  : Slow 1100mV 85C Model Hold 'inst1|pll_inst|altera_pll_i|general[0].gpll~PLL_OUTPUT_COUNTER|divclk'
Slack : 0.390
TNS   : 0.000

Type  : Slow 1100mV 85C Model Minimum Pulse Width 'inst1|pll_inst|altera_pll_i|general[0].gpll~FRACTIONAL_PLL|vcoph[0]'
Slack : 1.666
TNS   : 0.000

Type  : Slow 1100mV 85C Model Minimum Pulse Width 'CLOCK_50'
Slack : 9.900
TNS   : 0.000

Type  : Slow 1100mV 85C Model Minimum Pulse Width 'inst1|pll_inst|altera_pll_i|general[0].gpll~PLL_OUTPUT_COUNTER|divclk'
Slack : 99.297
TNS   : 0.000

Type  : Slow 1100mV 0C Model Setup 'inst1|pll_inst|altera_pll_i|general[0].gpll~PLL_OUTPUT_COUNTER|divclk'
Slack : 197.401
TNS   : 0.000

Type  : Slow 1100mV 0C Model Hold 'inst1|pll_inst|altera_pll_i|general[0].gpll~PLL_OUTPUT_COUNTER|divclk'
Slack : 0.404
TNS   : 0.000

Type  : Slow 1100mV 0C Model Minimum Pulse Width 'inst1|pll_inst|altera_pll_i|general[0].gpll~FRACTIONAL_PLL|vcoph[0]'
Slack : 1.666
TNS   : 0.000

Type  : Slow 1100mV 0C Model Minimum Pulse Width 'CLOCK_50'
Slack : 9.926
TNS   : 0.000

Type  : Slow 1100mV 0C Model Minimum Pulse Width 'inst1|pll_inst|altera_pll_i|general[0].gpll~PLL_OUTPUT_COUNTER|divclk'
Slack : 99.247
TNS   : 0.000

Type  : Fast 1100mV 85C Model Setup 'inst1|pll_inst|altera_pll_i|general[0].gpll~PLL_OUTPUT_COUNTER|divclk'
Slack : 198.669
TNS   : 0.000

Type  : Fast 1100mV 85C Model Hold 'inst1|pll_inst|altera_pll_i|general[0].gpll~PLL_OUTPUT_COUNTER|divclk'
Slack : 0.188
TNS   : 0.000

Type  : Fast 1100mV 85C Model Minimum Pulse Width 'inst1|pll_inst|altera_pll_i|general[0].gpll~FRACTIONAL_PLL|vcoph[0]'
Slack : 1.666
TNS   : 0.000

Type  : Fast 1100mV 85C Model Minimum Pulse Width 'CLOCK_50'
Slack : 9.643
TNS   : 0.000

Type  : Fast 1100mV 85C Model Minimum Pulse Width 'inst1|pll_inst|altera_pll_i|general[0].gpll~PLL_OUTPUT_COUNTER|divclk'
Slack : 99.550
TNS   : 0.000

Type  : Fast 1100mV 0C Model Setup 'inst1|pll_inst|altera_pll_i|general[0].gpll~PLL_OUTPUT_COUNTER|divclk'
Slack : 198.695
TNS   : 0.000

Type  : Fast 1100mV 0C Model Hold 'inst1|pll_inst|altera_pll_i|general[0].gpll~PLL_OUTPUT_COUNTER|divclk'
Slack : 0.181
TNS   : 0.000

Type  : Fast 1100mV 0C Model Minimum Pulse Width 'inst1|pll_inst|altera_pll_i|general[0].gpll~FRACTIONAL_PLL|vcoph[0]'
Slack : 1.666
TNS   : 0.000

Type  : Fast 1100mV 0C Model Minimum Pulse Width 'CLOCK_50'
Slack : 9.632
TNS   : 0.000

Type  : Fast 1100mV 0C Model Minimum Pulse Width 'inst1|pll_inst|altera_pll_i|general[0].gpll~PLL_OUTPUT_COUNTER|divclk'
Slack : 99.542
TNS   : 0.000

------------------------------------------------------------
